{
  "version": "1.5.0",
  "plugins_used": [
    {
      "name": "ArtifactoryDetector"
    },
    {
      "name": "AWSKeyDetector"
    },
    {
      "name": "AzureStorageKeyDetector"
    },
    {
      "name": "Base64HighEntropyString",
      "limit": 4.5
    },
    {
      "name": "BasicAuthDetector"
    },
    {
      "name": "CloudantDetector"
    },
    {
      "name": "DiscordBotTokenDetector"
    },
    {
      "name": "GitHubTokenDetector"
    },
    {
      "name": "GitLabTokenDetector"
    },
    {
      "name": "HexHighEntropyString",
      "limit": 3.0
    },
    {
      "name": "IbmCloudIamDetector"
    },
    {
      "name": "IbmCosHmacDetector"
    },
    {
      "name": "IPPublicDetector"
    },
    {
      "name": "JwtTokenDetector"
    },
    {
      "name": "KeywordDetector",
      "keyword_exclude": ""
    },
    {
      "name": "MailchimpDetector"
    },
    {
      "name": "NpmDetector"
    },
    {
      "name": "OpenAIDetector"
    },
    {
      "name": "PrivateKeyDetector"
    },
    {
      "name": "PypiTokenDetector"
    },
    {
      "name": "SendGridDetector"
    },
    {
      "name": "SlackDetector"
    },
    {
      "name": "SoftlayerDetector"
    },
    {
      "name": "SquareOAuthDetector"
    },
    {
      "name": "StripeDetector"
    },
    {
      "name": "TelegramBotTokenDetector"
    },
    {
      "name": "TwilioKeyDetector"
    }
  ],
  "filters_used": [
    {
      "path": "detect_secrets.filters.allowlist.is_line_allowlisted"
    },
    {
      "path": "detect_secrets.filters.common.is_baseline_file",
      "filename": ".secrets.baseline"
    },
    {
      "path": "detect_secrets.filters.common.is_ignored_due_to_verification_policies",
      "min_level": 2
    },
    {
      "path": "detect_secrets.filters.heuristic.is_indirect_reference"
    },
    {
      "path": "detect_secrets.filters.heuristic.is_likely_id_string"
    },
    {
      "path": "detect_secrets.filters.heuristic.is_lock_file"
    },
    {
      "path": "detect_secrets.filters.heuristic.is_not_alphanumeric_string"
    },
    {
      "path": "detect_secrets.filters.heuristic.is_potential_uuid"
    },
    {
      "path": "detect_secrets.filters.heuristic.is_prefixed_with_dollar_sign"
    },
    {
      "path": "detect_secrets.filters.heuristic.is_sequential_string"
    },
    {
      "path": "detect_secrets.filters.heuristic.is_swagger_file"
    },
    {
      "path": "detect_secrets.filters.heuristic.is_templated_secret"
    }
  ],
  "results": {
    "app-secrets.example.json": [
      {
        "type": "Secret Keyword",
        "filename": "app-secrets.example.json",
        "hashed_secret": "60c5955702109b4c7a3d2a5e031f2bf677ce31fd",
        "is_verified": false,
        "line_number": 5
      },
      {
        "type": "Secret Keyword",
        "filename": "app-secrets.example.json",
        "hashed_secret": "421bb95792570ef108e5cc50623285120b524822",
        "is_verified": false,
        "line_number": 15
      },
      {
        "type": "Secret Keyword",
        "filename": "app-secrets.example.json",
        "hashed_secret": "2b52c7712d5ab6e087f354675903b20ab270eed4",
        "is_verified": false,
        "line_number": 40
      }
    ],
    "app-secrets.staging.example.json": [
      {
        "type": "Secret Keyword",
        "filename": "app-secrets.staging.example.json",
        "hashed_secret": "60c5955702109b4c7a3d2a5e031f2bf677ce31fd",
        "is_verified": false,
        "line_number": 6
      },
      {
        "type": "Secret Keyword",
        "filename": "app-secrets.staging.example.json",
        "hashed_secret": "421bb95792570ef108e5cc50623285120b524822",
        "is_verified": false,
        "line_number": 16
      },
      {
        "type": "Secret Keyword",
        "filename": "app-secrets.staging.example.json",
        "hashed_secret": "2b52c7712d5ab6e087f354675903b20ab270eed4",
        "is_verified": false,
        "line_number": 40
      }
    ],
    "tenants/templates/app-secrets.tenant.json.tpl": [
      {
        "type": "Secret Keyword",
        "filename": "tenants/templates/app-secrets.tenant.json.tpl",
        "hashed_secret": "0fb6bdec29a303b7d78da74e1d120f787bbd6987",
        "is_verified": false,
        "line_number": 5
      },
      {
        "type": "Secret Keyword",
        "filename": "tenants/templates/app-secrets.tenant.json.tpl",
        "hashed_secret": "2ba1f6230452e5c703d756d34c906208cffe51f0",
        "is_verified": false,
        "line_number": 15
      },
      {
        "type": "Secret Keyword",
        "filename": "tenants/templates/app-secrets.tenant.json.tpl",
        "hashed_secret": "1318c7b37d535f3c361795e0a1c11739b6683b51",
        "is_verified": false,
        "line_number": 41
      }
    ],
    "tenants/templates/tenant.env.tpl": [
      {
        "type": "Secret Keyword",
        "filename": "tenants/templates/tenant.env.tpl",
        "hashed_secret": "1d82f19012677a85623a4fabe5e6ebb403dd1a3d",
        "is_verified": false,
        "line_number": 17
      },
      {
        "type": "Secret Keyword",
        "filename": "tenants/templates/tenant.env.tpl",
        "hashed_secret": "d5fefcd5e741a69e7e6c6f58ce457692295daef8",
        "is_verified": false,
        "line_number": 21
      }
    ]
  },
  "generated_at": "2026-09-04T02:05:25Z"
}
